###############################################################################
#
# IAR ELF Linker V7.30.1.7746/W32 for ARM                 08/Nov/2014  10:57:04
# Copyright 2007-2014 IAR Systems AB.
#
#    Output file  =  
#        P:\STM32F429I-Discovery_FW_V1.0.1\Projects\Peripheral_Examples\FLASH_Program\EWARM\FLASH_Program\Exe\FLASH_Program.out
#    Map file     =  
#        P:\STM32F429I-Discovery_FW_V1.0.1\Projects\Peripheral_Examples\FLASH_Program\EWARM\FLASH_Program\List\FLASH_Program.map
#    Command line =  
#        P:\STM32F429I-Discovery_FW_V1.0.1\Projects\Peripheral_Examples\FLASH_Program\EWARM\FLASH_Program\Obj\main.o
#        P:\STM32F429I-Discovery_FW_V1.0.1\Projects\Peripheral_Examples\FLASH_Program\EWARM\FLASH_Program\Obj\misc.o
#        P:\STM32F429I-Discovery_FW_V1.0.1\Projects\Peripheral_Examples\FLASH_Program\EWARM\FLASH_Program\Obj\startup_stm32f429_439xx.o
#        P:\STM32F429I-Discovery_FW_V1.0.1\Projects\Peripheral_Examples\FLASH_Program\EWARM\FLASH_Program\Obj\stm32f429i_discovery.o
#        P:\STM32F429I-Discovery_FW_V1.0.1\Projects\Peripheral_Examples\FLASH_Program\EWARM\FLASH_Program\Obj\stm32f4xx_exti.o
#        P:\STM32F429I-Discovery_FW_V1.0.1\Projects\Peripheral_Examples\FLASH_Program\EWARM\FLASH_Program\Obj\stm32f4xx_flash.o
#        P:\STM32F429I-Discovery_FW_V1.0.1\Projects\Peripheral_Examples\FLASH_Program\EWARM\FLASH_Program\Obj\stm32f4xx_gpio.o
#        P:\STM32F429I-Discovery_FW_V1.0.1\Projects\Peripheral_Examples\FLASH_Program\EWARM\FLASH_Program\Obj\stm32f4xx_it.o
#        P:\STM32F429I-Discovery_FW_V1.0.1\Projects\Peripheral_Examples\FLASH_Program\EWARM\FLASH_Program\Obj\stm32f4xx_rcc.o
#        P:\STM32F429I-Discovery_FW_V1.0.1\Projects\Peripheral_Examples\FLASH_Program\EWARM\FLASH_Program\Obj\stm32f4xx_syscfg.o
#        P:\STM32F429I-Discovery_FW_V1.0.1\Projects\Peripheral_Examples\FLASH_Program\EWARM\FLASH_Program\Obj\system_stm32f4xx.o
#        --redirect _Printf=_PrintfSmall --redirect _Scanf=_ScanfSmall -o
#        P:\STM32F429I-Discovery_FW_V1.0.1\Projects\Peripheral_Examples\FLASH_Program\EWARM\FLASH_Program\Exe\FLASH_Program.out
#        --map
#        P:\STM32F429I-Discovery_FW_V1.0.1\Projects\Peripheral_Examples\FLASH_Program\EWARM\FLASH_Program\List\FLASH_Program.map
#        --config
#        P:\STM32F429I-Discovery_FW_V1.0.1\Projects\Peripheral_Examples\FLASH_Program\EWARM\stm32f4xx_flash.icf
#        --semihosting --entry __iar_program_start --vfe
#
###############################################################################

*******************************************************************************
*** RUNTIME MODEL ATTRIBUTES
***

CppFlavor       = *
__SystemLibrary = DLib


*******************************************************************************
*** PLACEMENT SUMMARY
***

"A1":  place at 0x08000000 { ro section .intvec };
"P1":  place in [from 0x08000000 to 0x081fffff] { ro };
"P2":  place in [from 0x20000000 to 0x2002ffff] { rw, block CSTACK, block HEAP };

  Section            Kind        Address   Size  Object
  -------            ----        -------   ----  ------
"A1":                                     0x1ac
  .intvec            ro code  0x08000000  0x1ac  startup_stm32f429_439xx.o [1]
                            - 0x080001ac  0x1ac

"P1":                                     0x840
  .text              ro code  0x080001ac  0x24c  main.o [1]
  .text              ro code  0x080003f8   0x68  stm32f429i_discovery.o [1]
  .text              ro code  0x08000460  0x146  stm32f4xx_flash.o [1]
  .text              ro code  0x080005a6   0x2e  copy_init3.o [5]
  .text              ro code  0x080005d4   0x70  stm32f4xx_gpio.o [1]
  .text              ro code  0x08000644   0x18  stm32f4xx_rcc.o [1]
  .text              ro code  0x0800065c  0x10c  system_stm32f4xx.o [1]
  .text              ro code  0x08000768   0x28  data_init.o [5]
  .text              ro code  0x08000790   0x22  fpinit_M.o [4]
  .iar.init_table    const    0x080007b4   0x14  - Linker created -
  .text              ro code  0x080007c8   0x1a  cmain.o [5]
  .text              ro code  0x080007e2    0x4  low_level_init.o [3]
  .text              ro code  0x080007e6    0x4  exit.o [3]
  .text              ro code  0x080007ec    0xa  cexit.o [5]
  .text              ro code  0x080007f8   0x14  exit.o [6]
  .text              ro code  0x0800080c   0x12  stm32f4xx_it.o [1]
  .text              ro code  0x08000820   0x10  startup_stm32f429_439xx.o [1]
  .text              ro code  0x08000830    0xc  cstartup_M.o [5]
  .text              ro code  0x0800083c    0x4  startup_stm32f429_439xx.o [1]
  .text              ro code  0x08000840    0x4  startup_stm32f429_439xx.o [1]
  .text              ro code  0x08000844    0x4  startup_stm32f429_439xx.o [1]
  .text              ro code  0x08000848    0x4  startup_stm32f429_439xx.o [1]
  .text              ro code  0x0800084c    0x4  startup_stm32f429_439xx.o [1]
  .text              ro code  0x08000850    0x4  startup_stm32f429_439xx.o [1]
  .text              ro code  0x08000854    0x4  startup_stm32f429_439xx.o [1]
  .text              ro code  0x08000858    0x4  startup_stm32f429_439xx.o [1]
  .text              ro code  0x0800085c    0x4  startup_stm32f429_439xx.o [1]
  .text              ro code  0x08000860    0x4  startup_stm32f429_439xx.o [1]
  .text              ro code  0x08000864    0x4  startup_stm32f429_439xx.o [1]
  .text              ro code  0x08000868    0x4  startup_stm32f429_439xx.o [1]
  .text              ro code  0x0800086c    0x4  startup_stm32f429_439xx.o [1]
  .text              ro code  0x08000870    0x4  startup_stm32f429_439xx.o [1]
  .text              ro code  0x08000874    0x4  startup_stm32f429_439xx.o [1]
  .text              ro code  0x08000878    0x4  startup_stm32f429_439xx.o [1]
  .text              ro code  0x0800087c    0x4  startup_stm32f429_439xx.o [1]
  .text              ro code  0x08000880    0x4  startup_stm32f429_439xx.o [1]
  .text              ro code  0x08000884    0x4  startup_stm32f429_439xx.o [1]
  .text              ro code  0x08000888    0x4  startup_stm32f429_439xx.o [1]
  .text              ro code  0x0800088c    0x4  startup_stm32f429_439xx.o [1]
  .text              ro code  0x08000890    0x4  startup_stm32f429_439xx.o [1]
  .text              ro code  0x08000894    0x4  startup_stm32f429_439xx.o [1]
  .text              ro code  0x08000898    0x4  startup_stm32f429_439xx.o [1]
  .text              ro code  0x0800089c    0x4  startup_stm32f429_439xx.o [1]
  .text              ro code  0x080008a0    0x4  startup_stm32f429_439xx.o [1]
  .text              ro code  0x080008a4    0x4  startup_stm32f429_439xx.o [1]
  .text              ro code  0x080008a8    0x4  startup_stm32f429_439xx.o [1]
  .text              ro code  0x080008ac    0x4  startup_stm32f429_439xx.o [1]
  .text              ro code  0x080008b0    0x4  startup_stm32f429_439xx.o [1]
  .text              ro code  0x080008b4    0x4  startup_stm32f429_439xx.o [1]
  .text              ro code  0x080008b8    0x4  startup_stm32f429_439xx.o [1]
  .text              ro code  0x080008bc    0x4  startup_stm32f429_439xx.o [1]
  .text              ro code  0x080008c0    0x4  startup_stm32f429_439xx.o [1]
  .text              ro code  0x080008c4    0x4  startup_stm32f429_439xx.o [1]
  .text              ro code  0x080008c8    0x4  startup_stm32f429_439xx.o [1]
  .text              ro code  0x080008cc    0x4  startup_stm32f429_439xx.o [1]
  .text              ro code  0x080008d0    0x4  startup_stm32f429_439xx.o [1]
  .text              ro code  0x080008d4    0x4  startup_stm32f429_439xx.o [1]
  .text              ro code  0x080008d8    0x4  startup_stm32f429_439xx.o [1]
  .text              ro code  0x080008dc    0x4  startup_stm32f429_439xx.o [1]
  .text              ro code  0x080008e0    0x4  startup_stm32f429_439xx.o [1]
  .text              ro code  0x080008e4    0x4  startup_stm32f429_439xx.o [1]
  .text              ro code  0x080008e8    0x4  startup_stm32f429_439xx.o [1]
  .text              ro code  0x080008ec    0x4  startup_stm32f429_439xx.o [1]
  .text              ro code  0x080008f0    0x4  startup_stm32f429_439xx.o [1]
  .text              ro code  0x080008f4    0x4  startup_stm32f429_439xx.o [1]
  .text              ro code  0x080008f8    0x4  startup_stm32f429_439xx.o [1]
  .text              ro code  0x080008fc    0x4  startup_stm32f429_439xx.o [1]
  .text              ro code  0x08000900    0x4  startup_stm32f429_439xx.o [1]
  .text              ro code  0x08000904    0x4  startup_stm32f429_439xx.o [1]
  .text              ro code  0x08000908    0x4  startup_stm32f429_439xx.o [1]
  .text              ro code  0x0800090c    0x4  startup_stm32f429_439xx.o [1]
  .text              ro code  0x08000910    0x4  startup_stm32f429_439xx.o [1]
  .text              ro code  0x08000914    0x4  startup_stm32f429_439xx.o [1]
  .text              ro code  0x08000918    0x4  startup_stm32f429_439xx.o [1]
  .text              ro code  0x0800091c    0x4  startup_stm32f429_439xx.o [1]
  .text              ro code  0x08000920    0x4  startup_stm32f429_439xx.o [1]
  .text              ro code  0x08000924    0x4  startup_stm32f429_439xx.o [1]
  .text              ro code  0x08000928    0x4  startup_stm32f429_439xx.o [1]
  .text              ro code  0x0800092c    0x4  startup_stm32f429_439xx.o [1]
  .text              ro code  0x08000930    0x4  startup_stm32f429_439xx.o [1]
  .text              ro code  0x08000934    0x4  startup_stm32f429_439xx.o [1]
  .text              ro code  0x08000938    0x4  startup_stm32f429_439xx.o [1]
  .text              ro code  0x0800093c    0x4  startup_stm32f429_439xx.o [1]
  .text              ro code  0x08000940    0x4  startup_stm32f429_439xx.o [1]
  .text              ro code  0x08000944    0x4  startup_stm32f429_439xx.o [1]
  .text              ro code  0x08000948    0x4  startup_stm32f429_439xx.o [1]
  .text              ro code  0x0800094c    0x4  startup_stm32f429_439xx.o [1]
  .text              ro code  0x08000950    0x4  startup_stm32f429_439xx.o [1]
  .text              ro code  0x08000954    0x4  startup_stm32f429_439xx.o [1]
  .text              ro code  0x08000958    0x4  startup_stm32f429_439xx.o [1]
  .text              ro code  0x0800095c    0x4  startup_stm32f429_439xx.o [1]
  .text              ro code  0x08000960    0x4  startup_stm32f429_439xx.o [1]
  .text              ro code  0x08000964    0x4  startup_stm32f429_439xx.o [1]
  .text              ro code  0x08000968    0x4  startup_stm32f429_439xx.o [1]
  .text              ro code  0x0800096c    0x4  startup_stm32f429_439xx.o [1]
  .text              ro code  0x08000970    0x4  startup_stm32f429_439xx.o [1]
  .text              ro code  0x08000974    0x4  startup_stm32f429_439xx.o [1]
  .text              ro code  0x08000978    0x4  startup_stm32f429_439xx.o [1]
  .text              ro code  0x0800097c    0x4  startup_stm32f429_439xx.o [1]
  .text              ro code  0x08000980    0x4  startup_stm32f429_439xx.o [1]
  .text              ro code  0x08000984    0x4  startup_stm32f429_439xx.o [1]
  .text              ro code  0x08000988    0x4  startup_stm32f429_439xx.o [1]
  .text              ro code  0x0800098c    0x4  startup_stm32f429_439xx.o [1]
  .text              ro code  0x08000990    0x4  startup_stm32f429_439xx.o [1]
  .text              ro code  0x08000994    0x4  startup_stm32f429_439xx.o [1]
  .text              ro code  0x08000998    0x4  startup_stm32f429_439xx.o [1]
  .text              ro code  0x0800099c    0x4  startup_stm32f429_439xx.o [1]
  .text              ro code  0x080009a0    0x4  startup_stm32f429_439xx.o [1]
  .text              ro code  0x080009a4    0x4  startup_stm32f429_439xx.o [1]
  .text              ro code  0x080009a8    0x4  startup_stm32f429_439xx.o [1]
  .text              ro code  0x080009ac    0x4  startup_stm32f429_439xx.o [1]
  .text              ro code  0x080009b0    0x4  startup_stm32f429_439xx.o [1]
  .text              ro code  0x080009b4    0x4  startup_stm32f429_439xx.o [1]
  .text              ro code  0x080009b8    0x4  startup_stm32f429_439xx.o [1]
  .text              ro code  0x080009bc    0x4  startup_stm32f429_439xx.o [1]
  .text              ro code  0x080009c0    0x4  startup_stm32f429_439xx.o [1]
  .text              ro code  0x080009c4    0x4  startup_stm32f429_439xx.o [1]
  .text              ro code  0x080009c8    0x4  startup_stm32f429_439xx.o [1]
  .rodata            const    0x080009cc    0x0  copy_init3.o [5]
  Initializer bytes  ro data  0x080009cc   0x20  <for P2 s0>
                            - 0x080009ec  0x840

"P2":                                     0x420
  P2 s0                       0x20000000   0x20  <Init block>
    .bss             inited   0x20000000   0x18  main.o [1]
    .data            inited   0x20000018    0x8  stm32f429i_discovery.o [1]
  CSTACK                      0x20000020  0x400  <Block>
    CSTACK           uninit   0x20000020  0x400  <Block tail>
                            - 0x20000420  0x420


*******************************************************************************
*** INIT TABLE
***

          Address     Size
          -------     ----
Copy (__iar_copy_init3)
    1 source range, total size 0x20:
          0x080009cc  0x20
    1 destination range, total size 0x20:
          0x20000000  0x20



*******************************************************************************
*** MODULE SUMMARY
***

    Module                     ro code  ro data  rw data
    ------                     -------  -------  -------
P:\STM32F429I-Discovery_FW_V1.0.1\Projects\Peripheral_Examples\FLASH_Program\EWARM\FLASH_Program\Obj: [1]
    main.o                         588       24       24
    startup_stm32f429_439xx.o      844
    stm32f429i_discovery.o         104        8        8
    stm32f4xx_flash.o              326
    stm32f4xx_gpio.o               112
    stm32f4xx_it.o                  18
    stm32f4xx_rcc.o                 24
    system_stm32f4xx.o             268
    ----------------------------------------------------
    Total:                       2 284       32       32

command line: [2]
    ----------------------------------------------------
    Total:

dl7M_tln.a: [3]
    exit.o                           4
    low_level_init.o                 4
    ----------------------------------------------------
    Total:                           8

m7M_tlv.a: [4]
    fpinit_M.o                      34
    ----------------------------------------------------
    Total:                          34

rt7M_tl.a: [5]
    cexit.o                         10
    cmain.o                         26
    copy_init3.o                    46
    cstartup_M.o                    12
    data_init.o                     40
    ----------------------------------------------------
    Total:                         134

shb_l.a: [6]
    exit.o                          20
    ----------------------------------------------------
    Total:                          20

    Gaps                             6        2
    Linker created                           20    1 024
--------------------------------------------------------
    Grand Total:                 2 486       54    1 056


*******************************************************************************
*** ENTRY LIST
***

Entry                      Address   Size  Type      Object
-----                      -------   ----  ----      ------
?main                   0x080007c9         Code  Gb  cmain.o [5]
BusFault_Handler        0x08000813    0x2  Code  Gb  stm32f4xx_it.o [1]
CSTACK$$Base            0x20000020          --   Gb  - Linker created -
CSTACK$$Limit           0x20000420          --   Gb  - Linker created -
DebugMon_Handler        0x08000819    0x2  Code  Gb  stm32f4xx_it.o [1]
FLASH_ClearFlag         0x08000535    0x6  Code  Gb  stm32f4xx_flash.o [1]
FLASH_EraseSector       0x08000487   0x68  Code  Gb  stm32f4xx_flash.o [1]
FLASH_GetStatus         0x0800053b   0x38  Code  Gb  stm32f4xx_flash.o [1]
FLASH_Lock              0x08000479    0xe  Code  Gb  stm32f4xx_flash.o [1]
FLASH_ProgramWord       0x080004ef   0x26  Code  Gb  stm32f4xx_flash.o [1]
FLASH_Unlock            0x08000461   0x18  Code  Gb  stm32f4xx_flash.o [1]
FLASH_WaitForLastOperation
                        0x08000589   0x1e  Code  Gb  stm32f4xx_flash.o [1]
GPIO_CLK                0x08000458    0x8  Data  Gb  stm32f429i_discovery.o [1]
GPIO_Init               0x080005d5   0x70  Code  Gb  stm32f4xx_gpio.o [1]
GPIO_PIN                0x08000454    0x4  Data  Gb  stm32f429i_discovery.o [1]
GPIO_PORT               0x20000018    0x8  Data  Gb  stm32f429i_discovery.o [1]
GetSector               0x08000251  0x144  Code  Lc  main.o [1]
HardFault_Handler       0x0800080f    0x2  Code  Gb  stm32f4xx_it.o [1]
MemManage_Handler       0x08000811    0x2  Code  Gb  stm32f4xx_it.o [1]
NMI_Handler             0x0800080d    0x2  Code  Gb  stm32f4xx_it.o [1]
PendSV_Handler          0x0800081b    0x2  Code  Gb  stm32f4xx_it.o [1]
RCC_AHB1PeriphClockCmd  0x08000645   0x12  Code  Gb  stm32f4xx_rcc.o [1]
Region$$Table$$Base     0x080007b4          --   Gb  - Linker created -
Region$$Table$$Limit    0x080007c8          --   Gb  - Linker created -
STM_EVAL_LEDInit        0x080003f9   0x3c  Code  Gb  stm32f429i_discovery.o [1]
STM_EVAL_LEDOn          0x08000435   0x12  Code  Gb  stm32f429i_discovery.o [1]
SVC_Handler             0x08000817    0x2  Code  Gb  stm32f4xx_it.o [1]
SysTick_Handler         0x0800081d    0x2  Code  Gb  stm32f4xx_it.o [1]
SystemInit              0x0800065d   0xea  Code  Gb  system_stm32f4xx.o [1]
UsageFault_Handler      0x08000815    0x2  Code  Gb  stm32f4xx_it.o [1]
__cmain                 0x080007c9         Code  Gb  cmain.o [5]
__exit                  0x080007f9   0x14  Code  Gb  exit.o [6]
__iar_copy_init3        0x080005a7   0x2e  Code  Gb  copy_init3.o [5]
__iar_data_init3        0x08000769   0x28  Code  Gb  data_init.o [5]
__iar_init_vfp          0x08000791         Code  Gb  fpinit_M.o [4]
__iar_program_start     0x08000831         Code  Gb  cstartup_M.o [5]
__low_level_init        0x080007e3    0x4  Code  Gb  low_level_init.o [3]
__vector_table          0x08000000         Data  Gb  startup_stm32f429_439xx.o [1]
_call_main              0x080007d5         Code  Gb  cmain.o [5]
_exit                   0x080007ed         Code  Gb  cexit.o [5]
_main                   0x080007df         Code  Gb  cmain.o [5]
exit                    0x080007e7    0x4  Code  Gb  exit.o [3]
main                    0x080001ad   0xa4  Code  Gb  main.o [1]
uwAddress               0x20000008    0x4  Data  Gb  main.o [1]
uwData32                0x20000010    0x4  Data  Gb  main.o [1]
uwEndSector             0x20000004    0x4  Data  Gb  main.o [1]
uwMemoryProgramStatus   0x20000014    0x4  Data  Gb  main.o [1]
uwSectorCounter         0x2000000c    0x4  Data  Gb  main.o [1]
uwStartSector           0x20000000    0x4  Data  Gb  main.o [1]


[1] = P:\STM32F429I-Discovery_FW_V1.0.1\Projects\Peripheral_Examples\FLASH_Program\EWARM\FLASH_Program\Obj
[2] = command line
[3] = dl7M_tln.a
[4] = m7M_tlv.a
[5] = rt7M_tl.a
[6] = shb_l.a

  2 486 bytes of readonly  code memory
     54 bytes of readonly  data memory
  1 056 bytes of readwrite data memory

Errors: none
Warnings: none
